[0.610s] Invoking command in '/home/pawan/ROSmasterM3/yahboom_M3Pro_description': PYTHONPATH=/home/pawan/ROSmasterM3/build/yahboom_M3Pro_description/prefix_override:/usr/lib/python3/dist-packages/colcon_core/task/python/colcon_distutils_commands:/home/pawan/ROSmasterM3/install/yahboom_M3Pro_description/lib/python3.10/site-packages:${PYTHONPATH} /usr/bin/python3 -W ignore:setup.py install is deprecated -W ignore:easy_install command is deprecated setup.py egg_info --egg-base ../build/yahboom_M3Pro_description build --build-base /home/pawan/ROSmasterM3/build/yahboom_M3Pro_description/build install --record /home/pawan/ROSmasterM3/build/yahboom_M3Pro_description/install.log --single-version-externally-managed install_data
[0.756s] running egg_info
[0.756s] writing ../build/yahboom_M3Pro_description/yahboom_M3Pro_description.egg-info/PKG-INFO
[0.756s] writing dependency_links to ../build/yahboom_M3Pro_description/yahboom_M3Pro_description.egg-info/dependency_links.txt
[0.757s] writing entry points to ../build/yahboom_M3Pro_description/yahboom_M3Pro_description.egg-info/entry_points.txt
[0.757s] writing requirements to ../build/yahboom_M3Pro_description/yahboom_M3Pro_description.egg-info/requires.txt
[0.757s] writing top-level names to ../build/yahboom_M3Pro_description/yahboom_M3Pro_description.egg-info/top_level.txt
[0.758s] reading manifest file '../build/yahboom_M3Pro_description/yahboom_M3Pro_description.egg-info/SOURCES.txt'
[0.759s] writing manifest file '../build/yahboom_M3Pro_description/yahboom_M3Pro_description.egg-info/SOURCES.txt'
[0.759s] running build
[0.759s] running build_py
[0.759s] copying yahboom_M3Pro_description/__init__.py -> /home/pawan/ROSmasterM3/build/yahboom_M3Pro_description/build/lib/yahboom_M3Pro_description
[0.759s] running install
[0.760s] running install_lib
[0.760s] copying /home/pawan/ROSmasterM3/build/yahboom_M3Pro_description/build/lib/yahboom_M3Pro_description/__init__.py -> /home/pawan/ROSmasterM3/install/yahboom_M3Pro_description/lib/python3.10/site-packages/yahboom_M3Pro_description
[0.760s] byte-compiling /home/pawan/ROSmasterM3/install/yahboom_M3Pro_description/lib/python3.10/site-packages/yahboom_M3Pro_description/__init__.py to __init__.cpython-310.pyc
[0.760s] running install_data
[0.760s] copying resource/yahboom_M3Pro_description -> /home/pawan/ROSmasterM3/install/yahboom_M3Pro_description/share/ament_index/resource_index/packages
[0.760s] copying meshes/llink1.STL -> /home/pawan/ROSmasterM3/install/yahboom_M3Pro_description/share/yahboom_M3Pro_description/meshes
[0.761s] copying meshes/Gripping.STL -> /home/pawan/ROSmasterM3/install/yahboom_M3Pro_description/share/yahboom_M3Pro_description/meshes
[0.761s] copying meshes/rlink1.STL -> /home/pawan/ROSmasterM3/install/yahboom_M3Pro_description/share/yahboom_M3Pro_description/meshes
[0.762s] copying meshes/llink3.STL -> /home/pawan/ROSmasterM3/install/yahboom_M3Pro_description/share/yahboom_M3Pro_description/meshes
[0.762s] copying meshes/arm5.STL -> /home/pawan/ROSmasterM3/install/yahboom_M3Pro_description/share/yahboom_M3Pro_description/meshes
[0.764s] copying meshes/arm3.STL -> /home/pawan/ROSmasterM3/install/yahboom_M3Pro_description/share/yahboom_M3Pro_description/meshes
[0.767s] copying meshes/lwheel2.STL -> /home/pawan/ROSmasterM3/install/yahboom_M3Pro_description/share/yahboom_M3Pro_description/meshes
[0.768s] copying meshes/rlink3.STL -> /home/pawan/ROSmasterM3/install/yahboom_M3Pro_description/share/yahboom_M3Pro_description/meshes
[0.768s] copying meshes/DCW2.STL -> /home/pawan/ROSmasterM3/install/yahboom_M3Pro_description/share/yahboom_M3Pro_description/meshes
[0.769s] copying meshes/lwheel1.STL -> /home/pawan/ROSmasterM3/install/yahboom_M3Pro_description/share/yahboom_M3Pro_description/meshes
[0.770s] copying meshes/arm4.STL -> /home/pawan/ROSmasterM3/install/yahboom_M3Pro_description/share/yahboom_M3Pro_description/meshes
[0.771s] copying meshes/arm2.STL -> /home/pawan/ROSmasterM3/install/yahboom_M3Pro_description/share/yahboom_M3Pro_description/meshes
[0.773s] copying meshes/arm_base_Link.STL -> /home/pawan/ROSmasterM3/install/yahboom_M3Pro_description/share/yahboom_M3Pro_description/meshes
[0.773s] copying meshes/Camera.STL -> /home/pawan/ROSmasterM3/install/yahboom_M3Pro_description/share/yahboom_M3Pro_description/meshes
[0.773s] copying meshes/base_link.STL -> /home/pawan/ROSmasterM3/install/yahboom_M3Pro_description/share/yahboom_M3Pro_description/meshes
[0.778s] copying meshes/llink2.STL -> /home/pawan/ROSmasterM3/install/yahboom_M3Pro_description/share/yahboom_M3Pro_description/meshes
[0.778s] copying meshes/rlink2.STL -> /home/pawan/ROSmasterM3/install/yahboom_M3Pro_description/share/yahboom_M3Pro_description/meshes
[0.778s] copying meshes/arm1.STL -> /home/pawan/ROSmasterM3/install/yahboom_M3Pro_description/share/yahboom_M3Pro_description/meshes
[0.782s] copying launch/display_launch.py -> /home/pawan/ROSmasterM3/install/yahboom_M3Pro_description/share/yahboom_M3Pro_description/launch
[0.782s] running install_egg_info
[0.784s] removing '/home/pawan/ROSmasterM3/install/yahboom_M3Pro_description/lib/python3.10/site-packages/yahboom_M3Pro_description-0.0.0-py3.10.egg-info' (and everything under it)
[0.784s] Copying ../build/yahboom_M3Pro_description/yahboom_M3Pro_description.egg-info to /home/pawan/ROSmasterM3/install/yahboom_M3Pro_description/lib/python3.10/site-packages/yahboom_M3Pro_description-0.0.0-py3.10.egg-info
[0.784s] running install_scripts
[0.797s] writing list of installed files to '/home/pawan/ROSmasterM3/build/yahboom_M3Pro_description/install.log'
[0.813s] Invoked command in '/home/pawan/ROSmasterM3/yahboom_M3Pro_description' returned '0': PYTHONPATH=/home/pawan/ROSmasterM3/build/yahboom_M3Pro_description/prefix_override:/usr/lib/python3/dist-packages/colcon_core/task/python/colcon_distutils_commands:/home/pawan/ROSmasterM3/install/yahboom_M3Pro_description/lib/python3.10/site-packages:${PYTHONPATH} /usr/bin/python3 -W ignore:setup.py install is deprecated -W ignore:easy_install command is deprecated setup.py egg_info --egg-base ../build/yahboom_M3Pro_description build --build-base /home/pawan/ROSmasterM3/build/yahboom_M3Pro_description/build install --record /home/pawan/ROSmasterM3/build/yahboom_M3Pro_description/install.log --single-version-externally-managed install_data
