[0.068s] DEBUG:colcon:Command line arguments: ['/usr/bin/colcon', 'build']
[0.068s] DEBUG:colcon:Parsed command line arguments: Namespace(log_base=None, log_level=None, verb_name='build', build_base='build', install_base='install', merge_install=False, symlink_install=False, test_result_base=None, continue_on_error=False, executor='parallel', parallel_workers=20, event_handlers=None, ignore_user_meta=False, metas=['./colcon.meta'], base_paths=['.'], packages_ignore=None, packages_ignore_regex=None, paths=None, packages_up_to=None, packages_up_to_regex=None, packages_above=None, packages_above_and_dependencies=None, packages_above_depth=None, packages_select_by_dep=None, packages_skip_by_dep=None, packages_skip_up_to=None, packages_select_build_failed=False, packages_skip_build_finished=False, packages_select_test_failures=False, packages_skip_test_passed=False, packages_select=None, packages_skip=None, packages_select_regex=None, packages_skip_regex=None, packages_start=None, packages_end=None, allow_overriding=[], cmake_args=None, cmake_target=None, cmake_target_skip_unavailable=False, cmake_clean_cache=False, cmake_clean_first=False, cmake_force_configure=False, ament_cmake_args=None, catkin_cmake_args=None, catkin_skip_building_tests=False, mixin_files=None, mixin=None, verb_parser=<colcon_mixin.mixin.mixin_argument.MixinArgumentDecorator object at 0x7f92f6d5e560>, verb_extension=<colcon_core.verb.build.BuildVerb object at 0x7f92f6e674f0>, main=<bound method BuildVerb.main of <colcon_core.verb.build.BuildVerb object at 0x7f92f6e674f0>>, mixin_verb=('build',))
[0.172s] Level 1:colcon.colcon_core.package_discovery:discover_packages(colcon_meta) check parameters
[0.172s] Level 1:colcon.colcon_core.package_discovery:discover_packages(recursive) check parameters
[0.172s] Level 1:colcon.colcon_core.package_discovery:discover_packages(ignore) check parameters
[0.172s] Level 1:colcon.colcon_core.package_discovery:discover_packages(path) check parameters
[0.172s] Level 1:colcon.colcon_core.package_discovery:discover_packages(colcon_meta) discover
[0.172s] Level 1:colcon.colcon_core.package_discovery:discover_packages(recursive) discover
[0.172s] INFO:colcon.colcon_core.package_discovery:Crawling recursively for packages in '/home/pawan/ROSmasterM3'
[0.172s] Level 1:colcon.colcon_core.package_identification:_identify(.) by extensions ['ignore', 'ignore_ament_install']
[0.173s] Level 1:colcon.colcon_core.package_identification:_identify(.) by extension 'ignore'
[0.173s] Level 1:colcon.colcon_core.package_identification:_identify(.) by extension 'ignore_ament_install'
[0.173s] Level 1:colcon.colcon_core.package_identification:_identify(.) by extensions ['colcon_pkg']
[0.173s] Level 1:colcon.colcon_core.package_identification:_identify(.) by extension 'colcon_pkg'
[0.173s] Level 1:colcon.colcon_core.package_identification:_identify(.) by extensions ['colcon_meta']
[0.173s] Level 1:colcon.colcon_core.package_identification:_identify(.) by extension 'colcon_meta'
[0.173s] Level 1:colcon.colcon_core.package_identification:_identify(.) by extensions ['ros']
[0.173s] Level 1:colcon.colcon_core.package_identification:_identify(.) by extension 'ros'
[0.180s] Level 1:colcon.colcon_core.package_identification:_identify(.) by extensions ['cmake', 'python']
[0.180s] Level 1:colcon.colcon_core.package_identification:_identify(.) by extension 'cmake'
[0.180s] Level 1:colcon.colcon_core.package_identification:_identify(.) by extension 'python'
[0.180s] Level 1:colcon.colcon_core.package_identification:_identify(.) by extensions ['python_setup_py']
[0.180s] Level 1:colcon.colcon_core.package_identification:_identify(.) by extension 'python_setup_py'
[0.180s] Level 1:colcon.colcon_core.package_identification:_identify(Doc) by extensions ['ignore', 'ignore_ament_install']
[0.180s] Level 1:colcon.colcon_core.package_identification:_identify(Doc) by extension 'ignore'
[0.180s] Level 1:colcon.colcon_core.package_identification:_identify(Doc) by extension 'ignore_ament_install'
[0.180s] Level 1:colcon.colcon_core.package_identification:_identify(Doc) by extensions ['colcon_pkg']
[0.180s] Level 1:colcon.colcon_core.package_identification:_identify(Doc) by extension 'colcon_pkg'
[0.180s] Level 1:colcon.colcon_core.package_identification:_identify(Doc) by extensions ['colcon_meta']
[0.180s] Level 1:colcon.colcon_core.package_identification:_identify(Doc) by extension 'colcon_meta'
[0.180s] Level 1:colcon.colcon_core.package_identification:_identify(Doc) by extensions ['ros']
[0.180s] Level 1:colcon.colcon_core.package_identification:_identify(Doc) by extension 'ros'
[0.180s] Level 1:colcon.colcon_core.package_identification:_identify(Doc) by extensions ['cmake', 'python']
[0.180s] Level 1:colcon.colcon_core.package_identification:_identify(Doc) by extension 'cmake'
[0.180s] Level 1:colcon.colcon_core.package_identification:_identify(Doc) by extension 'python'
[0.180s] Level 1:colcon.colcon_core.package_identification:_identify(Doc) by extensions ['python_setup_py']
[0.180s] Level 1:colcon.colcon_core.package_identification:_identify(Doc) by extension 'python_setup_py'
[0.180s] Level 1:colcon.colcon_core.package_identification:_identify(Doc/Img) by extensions ['ignore', 'ignore_ament_install']
[0.180s] Level 1:colcon.colcon_core.package_identification:_identify(Doc/Img) by extension 'ignore'
[0.180s] Level 1:colcon.colcon_core.package_identification:_identify(Doc/Img) by extension 'ignore_ament_install'
[0.180s] Level 1:colcon.colcon_core.package_identification:_identify(Doc/Img) by extensions ['colcon_pkg']
[0.180s] Level 1:colcon.colcon_core.package_identification:_identify(Doc/Img) by extension 'colcon_pkg'
[0.180s] Level 1:colcon.colcon_core.package_identification:_identify(Doc/Img) by extensions ['colcon_meta']
[0.180s] Level 1:colcon.colcon_core.package_identification:_identify(Doc/Img) by extension 'colcon_meta'
[0.180s] Level 1:colcon.colcon_core.package_identification:_identify(Doc/Img) by extensions ['ros']
[0.181s] Level 1:colcon.colcon_core.package_identification:_identify(Doc/Img) by extension 'ros'
[0.181s] Level 1:colcon.colcon_core.package_identification:_identify(Doc/Img) by extensions ['cmake', 'python']
[0.181s] Level 1:colcon.colcon_core.package_identification:_identify(Doc/Img) by extension 'cmake'
[0.181s] Level 1:colcon.colcon_core.package_identification:_identify(Doc/Img) by extension 'python'
[0.181s] Level 1:colcon.colcon_core.package_identification:_identify(Doc/Img) by extensions ['python_setup_py']
[0.181s] Level 1:colcon.colcon_core.package_identification:_identify(Doc/Img) by extension 'python_setup_py'
[0.181s] Level 1:colcon.colcon_core.package_identification:_identify(build) by extensions ['ignore', 'ignore_ament_install']
[0.181s] Level 1:colcon.colcon_core.package_identification:_identify(build) by extension 'ignore'
[0.181s] Level 1:colcon.colcon_core.package_identification:_identify(build) ignored
[0.181s] Level 1:colcon.colcon_core.package_identification:_identify(install) by extensions ['ignore', 'ignore_ament_install']
[0.181s] Level 1:colcon.colcon_core.package_identification:_identify(install) by extension 'ignore'
[0.181s] Level 1:colcon.colcon_core.package_identification:_identify(install) ignored
[0.181s] Level 1:colcon.colcon_core.package_identification:_identify(log) by extensions ['ignore', 'ignore_ament_install']
[0.181s] Level 1:colcon.colcon_core.package_identification:_identify(log) by extension 'ignore'
[0.181s] Level 1:colcon.colcon_core.package_identification:_identify(log) ignored
[0.181s] Level 1:colcon.colcon_core.package_identification:_identify(yahboom_M3Pro_description) by extensions ['ignore', 'ignore_ament_install']
[0.181s] Level 1:colcon.colcon_core.package_identification:_identify(yahboom_M3Pro_description) by extension 'ignore'
[0.181s] Level 1:colcon.colcon_core.package_identification:_identify(yahboom_M3Pro_description) by extension 'ignore_ament_install'
[0.181s] Level 1:colcon.colcon_core.package_identification:_identify(yahboom_M3Pro_description) by extensions ['colcon_pkg']
[0.181s] Level 1:colcon.colcon_core.package_identification:_identify(yahboom_M3Pro_description) by extension 'colcon_pkg'
[0.181s] Level 1:colcon.colcon_core.package_identification:_identify(yahboom_M3Pro_description) by extensions ['colcon_meta']
[0.181s] Level 1:colcon.colcon_core.package_identification:_identify(yahboom_M3Pro_description) by extension 'colcon_meta'
[0.181s] Level 1:colcon.colcon_core.package_identification:_identify(yahboom_M3Pro_description) by extensions ['ros']
[0.181s] Level 1:colcon.colcon_core.package_identification:_identify(yahboom_M3Pro_description) by extension 'ros'
[0.183s] DEBUG:colcon.colcon_core.package_identification:Package 'yahboom_M3Pro_description' with type 'ros.ament_python' and name 'yahboom_M3Pro_description'
[0.183s] Level 1:colcon.colcon_core.package_identification:_identify(yahboomcar_ctrl) by extensions ['ignore', 'ignore_ament_install']
[0.183s] Level 1:colcon.colcon_core.package_identification:_identify(yahboomcar_ctrl) by extension 'ignore'
[0.183s] Level 1:colcon.colcon_core.package_identification:_identify(yahboomcar_ctrl) by extension 'ignore_ament_install'
[0.183s] Level 1:colcon.colcon_core.package_identification:_identify(yahboomcar_ctrl) by extensions ['colcon_pkg']
[0.183s] Level 1:colcon.colcon_core.package_identification:_identify(yahboomcar_ctrl) by extension 'colcon_pkg'
[0.183s] Level 1:colcon.colcon_core.package_identification:_identify(yahboomcar_ctrl) by extensions ['colcon_meta']
[0.183s] Level 1:colcon.colcon_core.package_identification:_identify(yahboomcar_ctrl) by extension 'colcon_meta'
[0.183s] Level 1:colcon.colcon_core.package_identification:_identify(yahboomcar_ctrl) by extensions ['ros']
[0.183s] Level 1:colcon.colcon_core.package_identification:_identify(yahboomcar_ctrl) by extension 'ros'
[0.184s] DEBUG:colcon.colcon_core.package_identification:Package 'yahboomcar_ctrl' with type 'ros.ament_python' and name 'yahboomcar_ctrl'
[0.184s] Level 1:colcon.colcon_core.package_discovery:discover_packages(recursive) using defaults
[0.184s] Level 1:colcon.colcon_core.package_discovery:discover_packages(ignore) discover
[0.184s] Level 1:colcon.colcon_core.package_discovery:discover_packages(ignore) using defaults
[0.184s] Level 1:colcon.colcon_core.package_discovery:discover_packages(path) discover
[0.184s] Level 1:colcon.colcon_core.package_discovery:discover_packages(path) using defaults
[0.204s] Level 1:colcon.colcon_core.package_discovery:discover_packages(prefix_path) check parameters
[0.204s] Level 1:colcon.colcon_core.package_discovery:discover_packages(prefix_path) discover
[0.205s] DEBUG:colcon.colcon_installed_package_information.package_discovery:Found 2 installed packages in /home/pawan/ROSmasterM3/install
[0.206s] DEBUG:colcon.colcon_installed_package_information.package_discovery:Found 381 installed packages in /opt/ros/humble
[0.207s] Level 1:colcon.colcon_core.package_discovery:discover_packages(prefix_path) using defaults
[0.235s] Level 5:colcon.colcon_core.verb:set package 'yahboom_M3Pro_description' build argument 'cmake_args' from command line to 'None'
[0.235s] Level 5:colcon.colcon_core.verb:set package 'yahboom_M3Pro_description' build argument 'cmake_target' from command line to 'None'
[0.235s] Level 5:colcon.colcon_core.verb:set package 'yahboom_M3Pro_description' build argument 'cmake_target_skip_unavailable' from command line to 'False'
[0.235s] Level 5:colcon.colcon_core.verb:set package 'yahboom_M3Pro_description' build argument 'cmake_clean_cache' from command line to 'False'
[0.235s] Level 5:colcon.colcon_core.verb:set package 'yahboom_M3Pro_description' build argument 'cmake_clean_first' from command line to 'False'
[0.235s] Level 5:colcon.colcon_core.verb:set package 'yahboom_M3Pro_description' build argument 'cmake_force_configure' from command line to 'False'
[0.235s] Level 5:colcon.colcon_core.verb:set package 'yahboom_M3Pro_description' build argument 'ament_cmake_args' from command line to 'None'
[0.235s] Level 5:colcon.colcon_core.verb:set package 'yahboom_M3Pro_description' build argument 'catkin_cmake_args' from command line to 'None'
[0.235s] Level 5:colcon.colcon_core.verb:set package 'yahboom_M3Pro_description' build argument 'catkin_skip_building_tests' from command line to 'False'
[0.235s] DEBUG:colcon.colcon_core.verb:Building package 'yahboom_M3Pro_description' with the following arguments: {'ament_cmake_args': None, 'build_base': '/home/pawan/ROSmasterM3/build/yahboom_M3Pro_description', 'catkin_cmake_args': None, 'catkin_skip_building_tests': False, 'cmake_args': None, 'cmake_clean_cache': False, 'cmake_clean_first': False, 'cmake_force_configure': False, 'cmake_target': None, 'cmake_target_skip_unavailable': False, 'install_base': '/home/pawan/ROSmasterM3/install/yahboom_M3Pro_description', 'merge_install': False, 'path': '/home/pawan/ROSmasterM3/yahboom_M3Pro_description', 'symlink_install': False, 'test_result_base': None}
[0.236s] Level 5:colcon.colcon_core.verb:set package 'yahboomcar_ctrl' build argument 'cmake_args' from command line to 'None'
[0.236s] Level 5:colcon.colcon_core.verb:set package 'yahboomcar_ctrl' build argument 'cmake_target' from command line to 'None'
[0.236s] Level 5:colcon.colcon_core.verb:set package 'yahboomcar_ctrl' build argument 'cmake_target_skip_unavailable' from command line to 'False'
[0.236s] Level 5:colcon.colcon_core.verb:set package 'yahboomcar_ctrl' build argument 'cmake_clean_cache' from command line to 'False'
[0.236s] Level 5:colcon.colcon_core.verb:set package 'yahboomcar_ctrl' build argument 'cmake_clean_first' from command line to 'False'
[0.236s] Level 5:colcon.colcon_core.verb:set package 'yahboomcar_ctrl' build argument 'cmake_force_configure' from command line to 'False'
[0.236s] Level 5:colcon.colcon_core.verb:set package 'yahboomcar_ctrl' build argument 'ament_cmake_args' from command line to 'None'
[0.236s] Level 5:colcon.colcon_core.verb:set package 'yahboomcar_ctrl' build argument 'catkin_cmake_args' from command line to 'None'
[0.236s] Level 5:colcon.colcon_core.verb:set package 'yahboomcar_ctrl' build argument 'catkin_skip_building_tests' from command line to 'False'
[0.236s] DEBUG:colcon.colcon_core.verb:Building package 'yahboomcar_ctrl' with the following arguments: {'ament_cmake_args': None, 'build_base': '/home/pawan/ROSmasterM3/build/yahboomcar_ctrl', 'catkin_cmake_args': None, 'catkin_skip_building_tests': False, 'cmake_args': None, 'cmake_clean_cache': False, 'cmake_clean_first': False, 'cmake_force_configure': False, 'cmake_target': None, 'cmake_target_skip_unavailable': False, 'install_base': '/home/pawan/ROSmasterM3/install/yahboomcar_ctrl', 'merge_install': False, 'path': '/home/pawan/ROSmasterM3/yahboomcar_ctrl', 'symlink_install': False, 'test_result_base': None}
[0.236s] INFO:colcon.colcon_core.executor:Executing jobs using 'parallel' executor
[0.237s] DEBUG:colcon.colcon_parallel_executor.executor.parallel:run_until_complete
[0.237s] INFO:colcon.colcon_ros.task.ament_python.build:Building ROS package in '/home/pawan/ROSmasterM3/yahboom_M3Pro_description' with build type 'ament_python'
[0.237s] Level 1:colcon.colcon_core.shell:create_environment_hook('yahboom_M3Pro_description', 'ament_prefix_path')
[0.238s] INFO:colcon.colcon_core.plugin_system:Skipping extension 'colcon_core.shell.bat': Not used on non-Windows systems
[0.238s] INFO:colcon.colcon_core.shell:Creating environment hook '/home/pawan/ROSmasterM3/install/yahboom_M3Pro_description/share/yahboom_M3Pro_description/hook/ament_prefix_path.ps1'
[0.239s] INFO:colcon.colcon_core.shell:Creating environment descriptor '/home/pawan/ROSmasterM3/install/yahboom_M3Pro_description/share/yahboom_M3Pro_description/hook/ament_prefix_path.dsv'
[0.239s] INFO:colcon.colcon_core.shell:Creating environment hook '/home/pawan/ROSmasterM3/install/yahboom_M3Pro_description/share/yahboom_M3Pro_description/hook/ament_prefix_path.sh'
[0.240s] INFO:colcon.colcon_core.shell:Skip shell extension 'powershell' for command environment: Not usable outside of PowerShell
[0.240s] DEBUG:colcon.colcon_core.shell:Skip shell extension 'dsv' for command environment
[0.242s] INFO:colcon.colcon_ros.task.ament_python.build:Building ROS package in '/home/pawan/ROSmasterM3/yahboomcar_ctrl' with build type 'ament_python'
[0.242s] Level 1:colcon.colcon_core.shell:create_environment_hook('yahboomcar_ctrl', 'ament_prefix_path')
[0.242s] INFO:colcon.colcon_core.shell:Creating environment hook '/home/pawan/ROSmasterM3/install/yahboomcar_ctrl/share/yahboomcar_ctrl/hook/ament_prefix_path.ps1'
[0.243s] INFO:colcon.colcon_core.shell:Creating environment descriptor '/home/pawan/ROSmasterM3/install/yahboomcar_ctrl/share/yahboomcar_ctrl/hook/ament_prefix_path.dsv'
[0.243s] INFO:colcon.colcon_core.shell:Creating environment hook '/home/pawan/ROSmasterM3/install/yahboomcar_ctrl/share/yahboomcar_ctrl/hook/ament_prefix_path.sh'
[0.243s] INFO:colcon.colcon_core.shell:Skip shell extension 'powershell' for command environment: Not usable outside of PowerShell
[0.243s] DEBUG:colcon.colcon_core.shell:Skip shell extension 'dsv' for command environment
[0.407s] INFO:colcon.colcon_core.task.python.build:Building Python package in '/home/pawan/ROSmasterM3/yahboom_M3Pro_description'
[0.407s] INFO:colcon.colcon_core.shell:Skip shell extension 'powershell' for command environment: Not usable outside of PowerShell
[0.407s] DEBUG:colcon.colcon_core.shell:Skip shell extension 'dsv' for command environment
[0.571s] INFO:colcon.colcon_core.task.python.build:Building Python package in '/home/pawan/ROSmasterM3/yahboomcar_ctrl'
[0.572s] INFO:colcon.colcon_core.shell:Skip shell extension 'powershell' for command environment: Not usable outside of PowerShell
[0.572s] DEBUG:colcon.colcon_core.shell:Skip shell extension 'dsv' for command environment
[0.799s] DEBUG:colcon.colcon_core.event_handler.log_command:Invoking command in '/home/pawan/ROSmasterM3/yahboom_M3Pro_description': PYTHONPATH=/home/pawan/ROSmasterM3/build/yahboom_M3Pro_description/prefix_override:/usr/lib/python3/dist-packages/colcon_core/task/python/colcon_distutils_commands:/home/pawan/ROSmasterM3/install/yahboom_M3Pro_description/lib/python3.10/site-packages:${PYTHONPATH} /usr/bin/python3 -W ignore:setup.py install is deprecated -W ignore:easy_install command is deprecated setup.py egg_info --egg-base ../build/yahboom_M3Pro_description build --build-base /home/pawan/ROSmasterM3/build/yahboom_M3Pro_description/build install --record /home/pawan/ROSmasterM3/build/yahboom_M3Pro_description/install.log --single-version-externally-managed install_data
[0.809s] DEBUG:colcon.colcon_core.event_handler.log_command:Invoking command in '/home/pawan/ROSmasterM3/yahboomcar_ctrl': PYTHONPATH=/home/pawan/ROSmasterM3/build/yahboomcar_ctrl/prefix_override:/usr/lib/python3/dist-packages/colcon_core/task/python/colcon_distutils_commands:/home/pawan/ROSmasterM3/install/yahboomcar_ctrl/lib/python3.10/site-packages:${PYTHONPATH} /usr/bin/python3 -W ignore:setup.py install is deprecated -W ignore:easy_install command is deprecated setup.py egg_info --egg-base ../build/yahboomcar_ctrl build --build-base /home/pawan/ROSmasterM3/build/yahboomcar_ctrl/build install --record /home/pawan/ROSmasterM3/build/yahboomcar_ctrl/install.log --single-version-externally-managed install_data
[0.984s] DEBUG:colcon.colcon_core.event_handler.log_command:Invoked command in '/home/pawan/ROSmasterM3/yahboom_M3Pro_description' returned '0': PYTHONPATH=/home/pawan/ROSmasterM3/build/yahboom_M3Pro_description/prefix_override:/usr/lib/python3/dist-packages/colcon_core/task/python/colcon_distutils_commands:/home/pawan/ROSmasterM3/install/yahboom_M3Pro_description/lib/python3.10/site-packages:${PYTHONPATH} /usr/bin/python3 -W ignore:setup.py install is deprecated -W ignore:easy_install command is deprecated setup.py egg_info --egg-base ../build/yahboom_M3Pro_description build --build-base /home/pawan/ROSmasterM3/build/yahboom_M3Pro_description/build install --record /home/pawan/ROSmasterM3/build/yahboom_M3Pro_description/install.log --single-version-externally-managed install_data
[0.985s] Level 1:colcon.colcon_core.environment:checking '/home/pawan/ROSmasterM3/install/yahboom_M3Pro_description' for CMake module files
[0.986s] Level 1:colcon.colcon_core.environment:checking '/home/pawan/ROSmasterM3/install/yahboom_M3Pro_description' for CMake config files
[0.986s] Level 1:colcon.colcon_core.environment:checking '/home/pawan/ROSmasterM3/install/yahboom_M3Pro_description/lib'
[0.986s] Level 1:colcon.colcon_core.environment:checking '/home/pawan/ROSmasterM3/install/yahboom_M3Pro_description/bin'
[0.986s] Level 1:colcon.colcon_core.environment:checking '/home/pawan/ROSmasterM3/install/yahboom_M3Pro_description/lib/pkgconfig/yahboom_M3Pro_description.pc'
[0.986s] Level 1:colcon.colcon_core.environment:checking '/home/pawan/ROSmasterM3/install/yahboom_M3Pro_description/lib/python3.10/site-packages'
[0.986s] Level 1:colcon.colcon_core.shell:create_environment_hook('yahboom_M3Pro_description', 'pythonpath')
[0.987s] INFO:colcon.colcon_core.shell:Creating environment hook '/home/pawan/ROSmasterM3/install/yahboom_M3Pro_description/share/yahboom_M3Pro_description/hook/pythonpath.ps1'
[0.987s] INFO:colcon.colcon_core.shell:Creating environment descriptor '/home/pawan/ROSmasterM3/install/yahboom_M3Pro_description/share/yahboom_M3Pro_description/hook/pythonpath.dsv'
[0.987s] INFO:colcon.colcon_core.shell:Creating environment hook '/home/pawan/ROSmasterM3/install/yahboom_M3Pro_description/share/yahboom_M3Pro_description/hook/pythonpath.sh'
[0.988s] Level 1:colcon.colcon_core.environment:checking '/home/pawan/ROSmasterM3/install/yahboom_M3Pro_description/bin'
[0.988s] Level 1:colcon.colcon_core.environment:create_environment_scripts_only(yahboom_M3Pro_description)
[0.988s] INFO:colcon.colcon_core.shell:Creating package script '/home/pawan/ROSmasterM3/install/yahboom_M3Pro_description/share/yahboom_M3Pro_description/package.ps1'
[0.989s] INFO:colcon.colcon_core.shell:Creating package descriptor '/home/pawan/ROSmasterM3/install/yahboom_M3Pro_description/share/yahboom_M3Pro_description/package.dsv'
[0.989s] INFO:colcon.colcon_core.shell:Creating package script '/home/pawan/ROSmasterM3/install/yahboom_M3Pro_description/share/yahboom_M3Pro_description/package.sh'
[0.989s] INFO:colcon.colcon_core.shell:Creating package script '/home/pawan/ROSmasterM3/install/yahboom_M3Pro_description/share/yahboom_M3Pro_description/package.bash'
[0.990s] INFO:colcon.colcon_core.shell:Creating package script '/home/pawan/ROSmasterM3/install/yahboom_M3Pro_description/share/yahboom_M3Pro_description/package.zsh'
[0.991s] Level 1:colcon.colcon_core.environment:create_file_with_runtime_dependencies(/home/pawan/ROSmasterM3/install/yahboom_M3Pro_description/share/colcon-core/packages/yahboom_M3Pro_description)
[0.992s] Level 1:colcon.colcon_core.environment:checking '/home/pawan/ROSmasterM3/install/yahboomcar_ctrl' for CMake module files
[0.993s] DEBUG:colcon.colcon_core.event_handler.log_command:Invoked command in '/home/pawan/ROSmasterM3/yahboomcar_ctrl' returned '0': PYTHONPATH=/home/pawan/ROSmasterM3/build/yahboomcar_ctrl/prefix_override:/usr/lib/python3/dist-packages/colcon_core/task/python/colcon_distutils_commands:/home/pawan/ROSmasterM3/install/yahboomcar_ctrl/lib/python3.10/site-packages:${PYTHONPATH} /usr/bin/python3 -W ignore:setup.py install is deprecated -W ignore:easy_install command is deprecated setup.py egg_info --egg-base ../build/yahboomcar_ctrl build --build-base /home/pawan/ROSmasterM3/build/yahboomcar_ctrl/build install --record /home/pawan/ROSmasterM3/build/yahboomcar_ctrl/install.log --single-version-externally-managed install_data
[0.993s] Level 1:colcon.colcon_core.environment:checking '/home/pawan/ROSmasterM3/install/yahboomcar_ctrl' for CMake config files
[0.993s] Level 1:colcon.colcon_core.environment:checking '/home/pawan/ROSmasterM3/install/yahboomcar_ctrl/lib'
[0.994s] Level 1:colcon.colcon_core.environment:checking '/home/pawan/ROSmasterM3/install/yahboomcar_ctrl/bin'
[0.994s] Level 1:colcon.colcon_core.environment:checking '/home/pawan/ROSmasterM3/install/yahboomcar_ctrl/lib/pkgconfig/yahboomcar_ctrl.pc'
[0.994s] Level 1:colcon.colcon_core.environment:checking '/home/pawan/ROSmasterM3/install/yahboomcar_ctrl/lib/python3.10/site-packages'
[0.994s] Level 1:colcon.colcon_core.shell:create_environment_hook('yahboomcar_ctrl', 'pythonpath')
[0.994s] INFO:colcon.colcon_core.shell:Creating environment hook '/home/pawan/ROSmasterM3/install/yahboomcar_ctrl/share/yahboomcar_ctrl/hook/pythonpath.ps1'
[0.994s] INFO:colcon.colcon_core.shell:Creating environment descriptor '/home/pawan/ROSmasterM3/install/yahboomcar_ctrl/share/yahboomcar_ctrl/hook/pythonpath.dsv'
[0.994s] INFO:colcon.colcon_core.shell:Creating environment hook '/home/pawan/ROSmasterM3/install/yahboomcar_ctrl/share/yahboomcar_ctrl/hook/pythonpath.sh'
[0.995s] Level 1:colcon.colcon_core.environment:checking '/home/pawan/ROSmasterM3/install/yahboomcar_ctrl/bin'
[0.995s] Level 1:colcon.colcon_core.environment:create_environment_scripts_only(yahboomcar_ctrl)
[0.995s] INFO:colcon.colcon_core.shell:Creating package script '/home/pawan/ROSmasterM3/install/yahboomcar_ctrl/share/yahboomcar_ctrl/package.ps1'
[0.995s] INFO:colcon.colcon_core.shell:Creating package descriptor '/home/pawan/ROSmasterM3/install/yahboomcar_ctrl/share/yahboomcar_ctrl/package.dsv'
[0.996s] INFO:colcon.colcon_core.shell:Creating package script '/home/pawan/ROSmasterM3/install/yahboomcar_ctrl/share/yahboomcar_ctrl/package.sh'
[0.996s] INFO:colcon.colcon_core.shell:Creating package script '/home/pawan/ROSmasterM3/install/yahboomcar_ctrl/share/yahboomcar_ctrl/package.bash'
[0.996s] INFO:colcon.colcon_core.shell:Creating package script '/home/pawan/ROSmasterM3/install/yahboomcar_ctrl/share/yahboomcar_ctrl/package.zsh'
[0.996s] Level 1:colcon.colcon_core.environment:create_file_with_runtime_dependencies(/home/pawan/ROSmasterM3/install/yahboomcar_ctrl/share/colcon-core/packages/yahboomcar_ctrl)
[0.996s] DEBUG:colcon.colcon_parallel_executor.executor.parallel:closing loop
[0.997s] DEBUG:colcon.colcon_parallel_executor.executor.parallel:loop closed
[0.997s] DEBUG:colcon.colcon_parallel_executor.executor.parallel:run_until_complete finished with '0'
[0.997s] DEBUG:colcon.colcon_core.event_reactor:joining thread
[1.000s] INFO:colcon.colcon_core.plugin_system:Skipping extension 'colcon_notification.desktop_notification.terminal_notifier': Not used on non-Darwin systems
[1.000s] INFO:colcon.colcon_core.plugin_system:Skipping extension 'colcon_notification.desktop_notification.win32': Not used on non-Windows systems
[1.000s] INFO:colcon.colcon_notification.desktop_notification:Sending desktop notification using 'notify2'
[1.008s] DEBUG:colcon.colcon_core.event_reactor:joined thread
[1.008s] INFO:colcon.colcon_core.shell:Creating prefix script '/home/pawan/ROSmasterM3/install/local_setup.ps1'
[1.009s] INFO:colcon.colcon_core.shell:Creating prefix util module '/home/pawan/ROSmasterM3/install/_local_setup_util_ps1.py'
[1.010s] INFO:colcon.colcon_core.shell:Creating prefix chain script '/home/pawan/ROSmasterM3/install/setup.ps1'
[1.010s] INFO:colcon.colcon_core.shell:Creating prefix script '/home/pawan/ROSmasterM3/install/local_setup.sh'
[1.011s] INFO:colcon.colcon_core.shell:Creating prefix util module '/home/pawan/ROSmasterM3/install/_local_setup_util_sh.py'
[1.011s] INFO:colcon.colcon_core.shell:Creating prefix chain script '/home/pawan/ROSmasterM3/install/setup.sh'
[1.012s] INFO:colcon.colcon_core.shell:Creating prefix script '/home/pawan/ROSmasterM3/install/local_setup.bash'
[1.012s] INFO:colcon.colcon_core.shell:Creating prefix chain script '/home/pawan/ROSmasterM3/install/setup.bash'
[1.013s] INFO:colcon.colcon_core.shell:Creating prefix script '/home/pawan/ROSmasterM3/install/local_setup.zsh'
[1.013s] INFO:colcon.colcon_core.shell:Creating prefix chain script '/home/pawan/ROSmasterM3/install/setup.zsh'
