running develop
running egg_info
writing yahboomcar_ctrl.egg-info/PKG-INFO
writing dependency_links to yahboomcar_ctrl.egg-info/dependency_links.txt
writing entry points to yahboomcar_ctrl.egg-info/entry_points.txt
writing requirements to yahboomcar_ctrl.egg-info/requires.txt
writing top-level names to yahboomcar_ctrl.egg-info/top_level.txt
reading manifest file 'yahboomcar_ctrl.egg-info/SOURCES.txt'
writing manifest file 'yahboomcar_ctrl.egg-info/SOURCES.txt'
running build_ext
Creating /home/pawan/ROSmasterM3/install/yahboomcar_ctrl/lib/python3.10/site-packages/yahboomcar-ctrl.egg-link (link to .)
Installing yahboom_joy_M3Pro script to /home/pawan/ROSmasterM3/install/yahboomcar_ctrl/lib/yahboomcar_ctrl
Installing yahboom_joy_R2 script to /home/pawan/ROSmasterM3/install/yahboomcar_ctrl/lib/yahboomcar_ctrl
Installing yahboom_keyboard script to /home/pawan/ROSmasterM3/install/yahboomcar_ctrl/lib/yahboomcar_ctrl

Installed /home/pawan/ROSmasterM3/build/yahboomcar_ctrl
running symlink_data
symbolically linking /home/pawan/ROSmasterM3/build/yahboomcar_ctrl/resource/yahboomcar_ctrl -> /home/pawan/ROSmasterM3/install/yahboomcar_ctrl/share/ament_index/resource_index/packages
symbolically linking /home/pawan/ROSmasterM3/build/yahboomcar_ctrl/package.xml -> /home/pawan/ROSmasterM3/install/yahboomcar_ctrl/share/yahboomcar_ctrl
symbolically linking /home/pawan/ROSmasterM3/build/yahboomcar_ctrl/launch/yahboomcar_joy_launch.py -> /home/pawan/ROSmasterM3/install/yahboomcar_ctrl/share/yahboomcar_ctrl/launch
symbolically linking /home/pawan/ROSmasterM3/build/yahboomcar_ctrl/launch/keyboard_ctrl_launch.py -> /home/pawan/ROSmasterM3/install/yahboomcar_ctrl/share/yahboomcar_ctrl/launch
