[0.542s] Invoking command in '/home/pawan/ROSmasterM3/build/yahboomcar_ctrl': PYTHONPATH=/home/pawan/ROSmasterM3/build/yahboomcar_ctrl/prefix_override:/usr/lib/python3/dist-packages/colcon_core/task/python/colcon_distutils_commands:/home/pawan/ROSmasterM3/install/yahboomcar_ctrl/lib/python3.10/site-packages:${PYTHONPATH} /usr/bin/python3 -W ignore:setup.py install is deprecated -W ignore:easy_install command is deprecated setup.py develop --editable --build-directory /home/pawan/ROSmasterM3/build/yahboomcar_ctrl/build --no-deps symlink_data --force
[0.697s] running develop
[0.788s] running egg_info
[0.789s] writing yahboomcar_ctrl.egg-info/PKG-INFO
[0.789s] writing dependency_links to yahboomcar_ctrl.egg-info/dependency_links.txt
[0.789s] writing entry points to yahboomcar_ctrl.egg-info/entry_points.txt
[0.789s] writing requirements to yahboomcar_ctrl.egg-info/requires.txt
[0.789s] writing top-level names to yahboomcar_ctrl.egg-info/top_level.txt
[0.790s] reading manifest file 'yahboomcar_ctrl.egg-info/SOURCES.txt'
[0.790s] writing manifest file 'yahboomcar_ctrl.egg-info/SOURCES.txt'
[0.791s] running build_ext
[0.791s] Creating /home/pawan/ROSmasterM3/install/yahboomcar_ctrl/lib/python3.10/site-packages/yahboomcar-ctrl.egg-link (link to .)
[0.792s] Installing yahboom_joy_M3Pro script to /home/pawan/ROSmasterM3/install/yahboomcar_ctrl/lib/yahboomcar_ctrl
[0.792s] Installing yahboom_joy_R2 script to /home/pawan/ROSmasterM3/install/yahboomcar_ctrl/lib/yahboomcar_ctrl
[0.792s] Installing yahboom_keyboard script to /home/pawan/ROSmasterM3/install/yahboomcar_ctrl/lib/yahboomcar_ctrl
[0.792s] 
[0.792s] Installed /home/pawan/ROSmasterM3/build/yahboomcar_ctrl
[0.792s] running symlink_data
[0.792s] symbolically linking /home/pawan/ROSmasterM3/build/yahboomcar_ctrl/resource/yahboomcar_ctrl -> /home/pawan/ROSmasterM3/install/yahboomcar_ctrl/share/ament_index/resource_index/packages
[0.792s] symbolically linking /home/pawan/ROSmasterM3/build/yahboomcar_ctrl/package.xml -> /home/pawan/ROSmasterM3/install/yahboomcar_ctrl/share/yahboomcar_ctrl
[0.792s] symbolically linking /home/pawan/ROSmasterM3/build/yahboomcar_ctrl/launch/yahboomcar_joy_launch.py -> /home/pawan/ROSmasterM3/install/yahboomcar_ctrl/share/yahboomcar_ctrl/launch
[0.792s] symbolically linking /home/pawan/ROSmasterM3/build/yahboomcar_ctrl/launch/keyboard_ctrl_launch.py -> /home/pawan/ROSmasterM3/install/yahboomcar_ctrl/share/yahboomcar_ctrl/launch
[0.811s] Invoked command in '/home/pawan/ROSmasterM3/build/yahboomcar_ctrl' returned '0': PYTHONPATH=/home/pawan/ROSmasterM3/build/yahboomcar_ctrl/prefix_override:/usr/lib/python3/dist-packages/colcon_core/task/python/colcon_distutils_commands:/home/pawan/ROSmasterM3/install/yahboomcar_ctrl/lib/python3.10/site-packages:${PYTHONPATH} /usr/bin/python3 -W ignore:setup.py install is deprecated -W ignore:easy_install command is deprecated setup.py develop --editable --build-directory /home/pawan/ROSmasterM3/build/yahboomcar_ctrl/build --no-deps symlink_data --force
