[0.535s] Invoking command in '/home/pawan/ROSmasterM3/build/yahboomcar_ctrl': PYTHONPATH=/home/pawan/ROSmasterM3/build/yahboomcar_ctrl/prefix_override:/usr/lib/python3/dist-packages/colcon_core/task/python/colcon_distutils_commands:/home/pawan/ROSmasterM3/install/yahboomcar_ctrl/lib/python3.10/site-packages:${PYTHONPATH} /usr/bin/python3 -W ignore:setup.py install is deprecated -W ignore:easy_install command is deprecated setup.py develop --editable --build-directory /home/pawan/ROSmasterM3/build/yahboomcar_ctrl/build --no-deps symlink_data
[0.699s] running develop
[0.791s] running egg_info
[0.791s] creating yahboomcar_ctrl.egg-info
[0.791s] writing yahboomcar_ctrl.egg-info/PKG-INFO
[0.791s] writing dependency_links to yahboomcar_ctrl.egg-info/dependency_links.txt
[0.791s] writing entry points to yahboomcar_ctrl.egg-info/entry_points.txt
[0.791s] writing requirements to yahboomcar_ctrl.egg-info/requires.txt
[0.791s] writing top-level names to yahboomcar_ctrl.egg-info/top_level.txt
[0.791s] writing manifest file 'yahboomcar_ctrl.egg-info/SOURCES.txt'
[0.792s] reading manifest file 'yahboomcar_ctrl.egg-info/SOURCES.txt'
[0.792s] writing manifest file 'yahboomcar_ctrl.egg-info/SOURCES.txt'
[0.793s] running build_ext
[0.793s] Creating /home/pawan/ROSmasterM3/install/yahboomcar_ctrl/lib/python3.10/site-packages/yahboomcar-ctrl.egg-link (link to .)
[0.794s] Installing yahboom_joy_M3Pro script to /home/pawan/ROSmasterM3/install/yahboomcar_ctrl/lib/yahboomcar_ctrl
[0.794s] Installing yahboom_joy_R2 script to /home/pawan/ROSmasterM3/install/yahboomcar_ctrl/lib/yahboomcar_ctrl
[0.794s] Installing yahboom_keyboard script to /home/pawan/ROSmasterM3/install/yahboomcar_ctrl/lib/yahboomcar_ctrl
[0.794s] 
[0.794s] Installed /home/pawan/ROSmasterM3/build/yahboomcar_ctrl
[0.794s] running symlink_data
[0.794s] creating /home/pawan/ROSmasterM3/install/yahboomcar_ctrl/share/ament_index
[0.794s] creating /home/pawan/ROSmasterM3/install/yahboomcar_ctrl/share/ament_index/resource_index
[0.794s] creating /home/pawan/ROSmasterM3/install/yahboomcar_ctrl/share/ament_index/resource_index/packages
[0.795s] symbolically linking /home/pawan/ROSmasterM3/build/yahboomcar_ctrl/resource/yahboomcar_ctrl -> /home/pawan/ROSmasterM3/install/yahboomcar_ctrl/share/ament_index/resource_index/packages
[0.795s] symbolically linking /home/pawan/ROSmasterM3/build/yahboomcar_ctrl/package.xml -> /home/pawan/ROSmasterM3/install/yahboomcar_ctrl/share/yahboomcar_ctrl
[0.795s] creating /home/pawan/ROSmasterM3/install/yahboomcar_ctrl/share/yahboomcar_ctrl/launch
[0.795s] symbolically linking /home/pawan/ROSmasterM3/build/yahboomcar_ctrl/launch/yahboomcar_joy_launch.py -> /home/pawan/ROSmasterM3/install/yahboomcar_ctrl/share/yahboomcar_ctrl/launch
[0.795s] symbolically linking /home/pawan/ROSmasterM3/build/yahboomcar_ctrl/launch/keyboard_ctrl_launch.py -> /home/pawan/ROSmasterM3/install/yahboomcar_ctrl/share/yahboomcar_ctrl/launch
[0.816s] Invoked command in '/home/pawan/ROSmasterM3/build/yahboomcar_ctrl' returned '0': PYTHONPATH=/home/pawan/ROSmasterM3/build/yahboomcar_ctrl/prefix_override:/usr/lib/python3/dist-packages/colcon_core/task/python/colcon_distutils_commands:/home/pawan/ROSmasterM3/install/yahboomcar_ctrl/lib/python3.10/site-packages:${PYTHONPATH} /usr/bin/python3 -W ignore:setup.py install is deprecated -W ignore:easy_install command is deprecated setup.py develop --editable --build-directory /home/pawan/ROSmasterM3/build/yahboomcar_ctrl/build --no-deps symlink_data
