running develop
running egg_info
creating yahboom_M3Pro_description.egg-info
writing yahboom_M3Pro_description.egg-info/PKG-INFO
writing dependency_links to yahboom_M3Pro_description.egg-info/dependency_links.txt
writing entry points to yahboom_M3Pro_description.egg-info/entry_points.txt
writing requirements to yahboom_M3Pro_description.egg-info/requires.txt
writing top-level names to yahboom_M3Pro_description.egg-info/top_level.txt
writing manifest file 'yahboom_M3Pro_description.egg-info/SOURCES.txt'
reading manifest file 'yahboom_M3Pro_description.egg-info/SOURCES.txt'
writing manifest file 'yahboom_M3Pro_description.egg-info/SOURCES.txt'
running build_ext
Creating /home/pawan/ROSmasterM3/install/yahboom_M3Pro_description/lib/python3.10/site-packages/yahboom-M3Pro-description.egg-link (link to .)

Installed /home/pawan/ROSmasterM3/build/yahboom_M3Pro_description
running symlink_data
creating /home/pawan/ROSmasterM3/install/yahboom_M3Pro_description/share/ament_index
creating /home/pawan/ROSmasterM3/install/yahboom_M3Pro_description/share/ament_index/resource_index
creating /home/pawan/ROSmasterM3/install/yahboom_M3Pro_description/share/ament_index/resource_index/packages
symbolically linking /home/pawan/ROSmasterM3/build/yahboom_M3Pro_description/resource/yahboom_M3Pro_description -> /home/pawan/ROSmasterM3/install/yahboom_M3Pro_description/share/ament_index/resource_index/packages
symbolically linking /home/pawan/ROSmasterM3/build/yahboom_M3Pro_description/package.xml -> /home/pawan/ROSmasterM3/install/yahboom_M3Pro_description/share/yahboom_M3Pro_description
creating /home/pawan/ROSmasterM3/install/yahboom_M3Pro_description/share/yahboom_M3Pro_description/urdf
symbolically linking /home/pawan/ROSmasterM3/build/yahboom_M3Pro_description/urdf/M3Pro.urdf -> /home/pawan/ROSmasterM3/install/yahboom_M3Pro_description/share/yahboom_M3Pro_description/urdf
symbolically linking /home/pawan/ROSmasterM3/build/yahboom_M3Pro_description/urdf/gazebo_planner_move.xacro -> /home/pawan/ROSmasterM3/install/yahboom_M3Pro_description/share/yahboom_M3Pro_description/urdf
symbolically linking /home/pawan/ROSmasterM3/build/yahboom_M3Pro_description/urdf/M3Pro.urdf.xacro -> /home/pawan/ROSmasterM3/install/yahboom_M3Pro_description/share/yahboom_M3Pro_description/urdf
creating /home/pawan/ROSmasterM3/install/yahboom_M3Pro_description/share/yahboom_M3Pro_description/meshes
symbolically linking /home/pawan/ROSmasterM3/build/yahboom_M3Pro_description/meshes/llink1.STL -> /home/pawan/ROSmasterM3/install/yahboom_M3Pro_description/share/yahboom_M3Pro_description/meshes
symbolically linking /home/pawan/ROSmasterM3/build/yahboom_M3Pro_description/meshes/Gripping.STL -> /home/pawan/ROSmasterM3/install/yahboom_M3Pro_description/share/yahboom_M3Pro_description/meshes
symbolically linking /home/pawan/ROSmasterM3/build/yahboom_M3Pro_description/meshes/rlink1.STL -> /home/pawan/ROSmasterM3/install/yahboom_M3Pro_description/share/yahboom_M3Pro_description/meshes
symbolically linking /home/pawan/ROSmasterM3/build/yahboom_M3Pro_description/meshes/llink3.STL -> /home/pawan/ROSmasterM3/install/yahboom_M3Pro_description/share/yahboom_M3Pro_description/meshes
symbolically linking /home/pawan/ROSmasterM3/build/yahboom_M3Pro_description/meshes/arm5.STL -> /home/pawan/ROSmasterM3/install/yahboom_M3Pro_description/share/yahboom_M3Pro_description/meshes
symbolically linking /home/pawan/ROSmasterM3/build/yahboom_M3Pro_description/meshes/arm3.STL -> /home/pawan/ROSmasterM3/install/yahboom_M3Pro_description/share/yahboom_M3Pro_description/meshes
symbolically linking /home/pawan/ROSmasterM3/build/yahboom_M3Pro_description/meshes/lwheel2.STL -> /home/pawan/ROSmasterM3/install/yahboom_M3Pro_description/share/yahboom_M3Pro_description/meshes
symbolically linking /home/pawan/ROSmasterM3/build/yahboom_M3Pro_description/meshes/rwheel2.STL -> /home/pawan/ROSmasterM3/install/yahboom_M3Pro_description/share/yahboom_M3Pro_description/meshes
symbolically linking /home/pawan/ROSmasterM3/build/yahboom_M3Pro_description/meshes/rlink3.STL -> /home/pawan/ROSmasterM3/install/yahboom_M3Pro_description/share/yahboom_M3Pro_description/meshes
symbolically linking /home/pawan/ROSmasterM3/build/yahboom_M3Pro_description/meshes/DCW2.STL -> /home/pawan/ROSmasterM3/install/yahboom_M3Pro_description/share/yahboom_M3Pro_description/meshes
symbolically linking /home/pawan/ROSmasterM3/build/yahboom_M3Pro_description/meshes/lwheel1.STL -> /home/pawan/ROSmasterM3/install/yahboom_M3Pro_description/share/yahboom_M3Pro_description/meshes
symbolically linking /home/pawan/ROSmasterM3/build/yahboom_M3Pro_description/meshes/arm4.STL -> /home/pawan/ROSmasterM3/install/yahboom_M3Pro_description/share/yahboom_M3Pro_description/meshes
symbolically linking /home/pawan/ROSmasterM3/build/yahboom_M3Pro_description/meshes/arm2.STL -> /home/pawan/ROSmasterM3/install/yahboom_M3Pro_description/share/yahboom_M3Pro_description/meshes
symbolically linking /home/pawan/ROSmasterM3/build/yahboom_M3Pro_description/meshes/rwheel1.STL -> /home/pawan/ROSmasterM3/install/yahboom_M3Pro_description/share/yahboom_M3Pro_description/meshes
symbolically linking /home/pawan/ROSmasterM3/build/yahboom_M3Pro_description/meshes/arm_base_Link.STL -> /home/pawan/ROSmasterM3/install/yahboom_M3Pro_description/share/yahboom_M3Pro_description/meshes
symbolically linking /home/pawan/ROSmasterM3/build/yahboom_M3Pro_description/meshes/Camera.STL -> /home/pawan/ROSmasterM3/install/yahboom_M3Pro_description/share/yahboom_M3Pro_description/meshes
symbolically linking /home/pawan/ROSmasterM3/build/yahboom_M3Pro_description/meshes/base_link.STL -> /home/pawan/ROSmasterM3/install/yahboom_M3Pro_description/share/yahboom_M3Pro_description/meshes
symbolically linking /home/pawan/ROSmasterM3/build/yahboom_M3Pro_description/meshes/llink2.STL -> /home/pawan/ROSmasterM3/install/yahboom_M3Pro_description/share/yahboom_M3Pro_description/meshes
symbolically linking /home/pawan/ROSmasterM3/build/yahboom_M3Pro_description/meshes/rlink2.STL -> /home/pawan/ROSmasterM3/install/yahboom_M3Pro_description/share/yahboom_M3Pro_description/meshes
symbolically linking /home/pawan/ROSmasterM3/build/yahboom_M3Pro_description/meshes/arm1.STL -> /home/pawan/ROSmasterM3/install/yahboom_M3Pro_description/share/yahboom_M3Pro_description/meshes
creating /home/pawan/ROSmasterM3/install/yahboom_M3Pro_description/share/yahboom_M3Pro_description/launch
symbolically linking /home/pawan/ROSmasterM3/build/yahboom_M3Pro_description/launch/display_launch.py -> /home/pawan/ROSmasterM3/install/yahboom_M3Pro_description/share/yahboom_M3Pro_description/launch
symbolically linking /home/pawan/ROSmasterM3/build/yahboom_M3Pro_description/launch/rsp.launch.py -> /home/pawan/ROSmasterM3/install/yahboom_M3Pro_description/share/yahboom_M3Pro_description/launch
symbolically linking /home/pawan/ROSmasterM3/build/yahboom_M3Pro_description/launch/gazebo.launch.py -> /home/pawan/ROSmasterM3/install/yahboom_M3Pro_description/share/yahboom_M3Pro_description/launch
